============================================================
   Tang Dynasty, V6.2.168116
   Copyright (c) 2012-2025 Anlogic Inc.
   Executable = C:/FPGA/Anlogic/TD_6.2.1_Engineer_6.2.168.116/bin/td.exe
   Built at =   16:32:07 Jun 12 2025
   Run by =     lenovo
   Run Date =   Tue Oct  6 15:16:31 2026

   Run on =     LAPTOP-O2QHV7KA
============================================================
RUN-1002 : start command "import_db C:/FPGA/Fpga_program/fire/td_project/camera_to_dsi_display_Runs/phy_1/camera_to_dsi_display_pr.db"
RUN-1001 : Importing database generated by Tang Dynasty, V6.2.168116.
RUN-1001 : Database version number 46207
RUN-1001 : Import flow parameters
RUN-1001 : Import netlist
RUN-1001 : Constructing routing connections ...
PHY-1001 : End build routing graph; 1.756852s wall, 3.953125s user + 0.843750s system = 4.796875s CPU (273.0%)

RUN-1001 : Import phy database
RUN-1001 : Import timing constraints
RUN-1001 : Import IO constraints
RUN-1001 : Import Inst constraints
RUN-1001 : Import ChipWatcher
RUN-1001 : Import design success TD_VERSION=6.2.168116 , DB_VERSION=46207
RUN-1003 : finish command "import_db C:/FPGA/Fpga_program/fire/td_project/camera_to_dsi_display_Runs/phy_1/camera_to_dsi_display_pr.db" in  3.602233s wall, 5.015625s user + 1.812500s system = 6.828125s CPU (189.6%)

RUN-1004 : used memory is 1139 MB, reserved memory is 1105 MB, peak memory is 1177 MB
PRJ-1412 : reset_run syn_1 phy_1.
PRJ-1409 : launch_runs syn_1 phy_1  -jobs 6.
PRJ-1410 : Run syn_1 success.
PRJ-1410 : Run phy_1 success.
RUN-1002 : start command "save_best_bits"
PRJ-1424 : The implemented result of phy_1 is saved as best result.
RUN-1002 : start command "import_db C:/FPGA/Fpga_program/fire/td_project/camera_to_dsi_display_Runs/phy_1/camera_to_dsi_display_pr.db"
RUN-1001 : Importing database generated by Tang Dynasty, V6.2.168116.
RUN-1001 : Database version number 46207
RUN-1001 : Import flow parameters
RUN-1001 : Import netlist
RUN-1001 : Constructing routing connections ...
PHY-1001 : End build routing graph; 0.919985s wall, 3.171875s user + 0.234375s system = 3.406250s CPU (370.3%)

RUN-1001 : Import phy database
RUN-1001 : Import timing constraints
RUN-1001 : Import IO constraints
RUN-1001 : Import Inst constraints
RUN-1001 : Import ChipWatcher
RUN-1001 : Import design success TD_VERSION=6.2.168116 , DB_VERSION=46207
RUN-1003 : finish command "import_db C:/FPGA/Fpga_program/fire/td_project/camera_to_dsi_display_Runs/phy_1/camera_to_dsi_display_pr.db" in  3.259827s wall, 4.796875s user + 1.375000s system = 6.171875s CPU (189.3%)

RUN-1004 : used memory is 1147 MB, reserved memory is 1129 MB, peak memory is 1300 MB
