============================================================
   Tang Dynasty, V6.2.168116
   Copyright (c) 2012-2025 Anlogic Inc.
   Executable = D:/Anlogic/TD6.2.1/bin/td.exe
   Built at =   16:32:07 Jun 12 2025
   Run by =     fanmengyuan
   Run Date =   Mon Oct  5 16:15:26 2026

   Run on =     FMY
============================================================
RUN-1002 : start command "import_db D:/fire/fan/td_project/camera_to_dsi_display_Runs/phy_1/camera_to_dsi_display_pr.db"
RUN-1001 : Importing database generated by Tang Dynasty, V6.2.168116.
RUN-1001 : Database version number 46207
RUN-1001 : Import flow parameters
RUN-1001 : Import netlist
RUN-1001 : Constructing routing connections ...
PHY-1001 : End build routing graph; 1.969567s wall, 4.859375s user + 0.468750s system = 5.328125s CPU (270.5%)

RUN-1001 : Import phy database
RUN-1001 : Import timing constraints
RUN-1001 : Import IO constraints
RUN-1001 : Import Inst constraints
RUN-1001 : Import ChipWatcher
RUN-1001 : Import design success TD_VERSION=6.2.168116 , DB_VERSION=46207
RUN-1003 : finish command "import_db D:/fire/fan/td_project/camera_to_dsi_display_Runs/phy_1/camera_to_dsi_display_pr.db" in  3.896356s wall, 5.875000s user + 0.703125s system = 6.578125s CPU (168.8%)

RUN-1004 : used memory is 1247 MB, reserved memory is 1220 MB, peak memory is 1287 MB
