============================================================
   Tang Dynasty, V6.2.168116
   Copyright (c) 2012-2025 Anlogic Inc.
   Executable = D:/Anlogic/TD6.2.1/bin/td.exe
   Built at =   16:32:07 Jun 12 2025
   Run by =     fanmengyuan
   Run Date =   Mon Oct  5 14:15:30 2026

   Run on =     FMY
============================================================
PRJ-1409 : launch_runs syn_1 phy_1  -jobs 6.
PRJ-1410 : Run syn_1 success.
PRJ-1410 : Run phy_1 success.
RUN-1002 : start command "save_best_bits"
PRJ-1424 : The implemented result of phy_1 is saved as best result.
RUN-1002 : start command "import_db D:/fan/td_project/camera_to_dsi_display_Runs/phy_1/camera_to_dsi_display_pr.db"
RUN-1001 : Importing database generated by Tang Dynasty, V6.2.168116.
RUN-1001 : Database version number 46207
RUN-1001 : Import flow parameters
RUN-1001 : Import netlist
RUN-1001 : Constructing routing connections ...
PHY-1001 : End build routing graph; 1.931329s wall, 4.640625s user + 0.500000s system = 5.140625s CPU (266.2%)

RUN-1001 : Import phy database
RUN-1001 : Import timing constraints
RUN-1001 : Import IO constraints
RUN-1001 : Import Inst constraints
RUN-1001 : Import ChipWatcher
RUN-1001 : Import design success TD_VERSION=6.2.168116 , DB_VERSION=46207
RUN-1003 : finish command "import_db D:/fan/td_project/camera_to_dsi_display_Runs/phy_1/camera_to_dsi_display_pr.db" in  3.877319s wall, 5.703125s user + 0.812500s system = 6.515625s CPU (168.0%)

RUN-1004 : used memory is 1249 MB, reserved memory is 1217 MB, peak memory is 1289 MB
