============================================================
   Tang Dynasty, V6.2.168116
   Copyright (c) 2012-2025 Anlogic Inc.
   Executable = C:/FPGA/Anlogic/TD_6.2.1_Engineer_6.2.168.116/bin/td.exe
   Built at =   16:32:07 Jun 12 2025
   Run by =     lenovo
   Run Date =   Tue Oct  6 16:41:21 2026

   Run on =     LAPTOP-O2QHV7KA
============================================================
RUN-1002 : start command "import_db C:/FPGA/Fpga_program/fire/td_project/camera_to_dsi_display_Runs/phy_1/camera_to_dsi_display_pr.db"
RUN-1001 : Importing database generated by Tang Dynasty, V6.2.168116.
RUN-1001 : Database version number 46207
RUN-1001 : Import flow parameters
RUN-1001 : Import netlist
RUN-1001 : Constructing routing connections ...
PHY-1001 : End build routing graph; 1.841586s wall, 3.421875s user + 0.968750s system = 4.390625s CPU (238.4%)

RUN-1001 : Import phy database
RUN-1001 : Import timing constraints
RUN-1001 : Import IO constraints
RUN-1001 : Import Inst constraints
RUN-1001 : Import ChipWatcher
RUN-1001 : Import design success TD_VERSION=6.2.168116 , DB_VERSION=46207
RUN-1003 : finish command "import_db C:/FPGA/Fpga_program/fire/td_project/camera_to_dsi_display_Runs/phy_1/camera_to_dsi_display_pr.db" in  3.629401s wall, 4.750000s user + 1.828125s system = 6.578125s CPU (181.2%)

RUN-1004 : used memory is 1156 MB, reserved memory is 1123 MB, peak memory is 1194 MB
